2026-04-09T23:48:11.066-05:00  INFO 12192 --- [jdbc-boot] [main] j.JdbcBootApplication                    : Starting JdbcBootApplication using Java 21.0.10 with PID 12192 (C:\Users\sbenj\Desktop\PracticingSpringBoot\jdbc-boot\target\classes started by sbenj in C:\Users\sbenj\Desktop\PracticingSpringBoot\jdbc-boot)
2026-04-09T23:48:11.071-05:00  INFO 12192 --- [jdbc-boot] [main] j.JdbcBootApplication                    : No active profile set, falling back to 1 default profile: "default"
2026-04-09T23:48:12.709-05:00  INFO 12192 --- [jdbc-boot] [main] o.s.boot.tomcat.TomcatWebServer          : Tomcat initialized with port 8080 (http)
2026-04-09T23:48:12.729-05:00  INFO 12192 --- [jdbc-boot] [main] o.apache.catalina.core.StandardService   : Starting service [Tomcat]
2026-04-09T23:48:12.730-05:00  INFO 12192 --- [jdbc-boot] [main] o.apache.catalina.core.StandardEngine    : Starting Servlet engine: [Apache Tomcat/11.0.20]
2026-04-09T23:48:12.800-05:00  INFO 12192 --- [jdbc-boot] [main] b.w.c.s.WebApplicationContextInitializer : Root WebApplicationContext: initialization completed in 1656 ms
2026-04-09T23:48:12.998-05:00  INFO 12192 --- [jdbc-boot] [main] com.zaxxer.hikari.HikariDataSource       : HikariPool-1 - Starting...
2026-04-09T23:48:13.303-05:00  INFO 12192 --- [jdbc-boot] [main] com.zaxxer.hikari.pool.PoolBase          : HikariPool-1 - Driver does not support get/set network timeout for connections. (feature not supported)
2026-04-09T23:48:13.304-05:00  INFO 12192 --- [jdbc-boot] [main] com.zaxxer.hikari.pool.HikariPool        : HikariPool-1 - Added connection org.hsqldb.jdbc.JDBCConnection@2282400e
2026-04-09T23:48:13.306-05:00  INFO 12192 --- [jdbc-boot] [main] com.zaxxer.hikari.HikariDataSource       : HikariPool-1 - Start completed.
2026-04-09T23:48:13.926-05:00  INFO 12192 --- [jdbc-boot] [main] o.s.boot.tomcat.TomcatWebServer          : Tomcat started on port 8080 (http) with context path '/'
2026-04-09T23:48:13.933-05:00  INFO 12192 --- [jdbc-boot] [main] j.JdbcBootApplication                    : Started JdbcBootApplication in 3.506 seconds (process running for 4.49)
2026-04-09T23:48:33.268-05:00  INFO 12192 --- [jdbc-boot] [http-nio-8080-exec-1] o.a.c.c.C.[Tomcat].[localhost].[/]       : Initializing Spring DispatcherServlet 'dispatcherServlet'
2026-04-09T23:48:33.268-05:00  INFO 12192 --- [jdbc-boot] [http-nio-8080-exec-1] o.s.web.servlet.DispatcherServlet        : Initializing Servlet 'dispatcherServlet'
2026-04-09T23:48:33.269-05:00  INFO 12192 --- [jdbc-boot] [http-nio-8080-exec-1] o.s.web.servlet.DispatcherServlet        : Completed initialization in 1 ms
2026-04-09T23:48:33.446-05:00  INFO 12192 --- [jdbc-boot] [http-nio-8080-exec-1] j.common.LoggingAspect                   : [SERVICE START] ProductService.postProduct args=[ProductRequestDTO[productName=A Great New Product, productDesc=This is the best product ever, I mean frfr, vendorPrice=12.99]]
2026-04-09T23:48:33.448-05:00 DEBUG 12192 --- [jdbc-boot] [http-nio-8080-exec-1] j.common.LoggingAspect                   : [REPO START] ProductRepository.saveProduct args=[Product{productId='bebffa8b-b2a4-4a0e-bee0-f4ffb3240958', productName='A Great New Product', productDesc='This is the best product ever, I mean frfr', retailPrice=16.24, vendorPrice=12.99}]
2026-04-09T23:48:33.457-05:00 DEBUG 12192 --- [jdbc-boot] [http-nio-8080-exec-1] j.common.LoggingAspect                   : [REPO END] ProductRepository.saveProduct duration=9 result=Product{productId='bebffa8b-b2a4-4a0e-bee0-f4ffb3240958', productName='A Great New Product', productDesc='This is the best product ever, I mean frfr', retailPrice=16.24, vendorPrice=12.99}
2026-04-09T23:48:33.462-05:00  INFO 12192 --- [jdbc-boot] [http-nio-8080-exec-1] j.common.LoggingAspect                   : [SERVICE END] ProductService.postProduct duration=13 result=ProductResponseDTO[productId=bebffa8b-b2a4-4a0e-bee0-f4ffb3240958, productName=A Great New Product, productDesc=This is the best product ever, I mean frfr, vendorPrice=12.99, retailPrice=16.24]
2026-04-09T23:48:43.382-05:00  INFO 12192 --- [jdbc-boot] [http-nio-8080-exec-2] j.common.LoggingAspect                   : [SERVICE START] ProductService.getProductById args=[4f8b6f8e-92ba-4c2d-ba98-cb0c442176f8]
2026-04-09T23:48:43.382-05:00 DEBUG 12192 --- [jdbc-boot] [http-nio-8080-exec-2] j.common.LoggingAspect                   : [REPO START] ProductRepository.findProductById args=[4f8b6f8e-92ba-4c2d-ba98-cb0c442176f8]
2026-04-09T23:48:43.389-05:00 DEBUG 12192 --- [jdbc-boot] [http-nio-8080-exec-2] j.common.LoggingAspect                   : [REPO ERROR] ProductRepository.findProductById duration=7 ex=jdbctemplatepractice.product.exception.ProductNotFoundException: Product not found: 4f8b6f8e-92ba-4c2d-ba98-cb0c442176f8
2026-04-09T23:48:43.390-05:00  INFO 12192 --- [jdbc-boot] [http-nio-8080-exec-2] j.common.LoggingAspect                   : [SERVICE ERROR] ProductService.getProductById duration=8 ex=jdbctemplatepractice.product.exception.ProductNotFoundException: Product not found: 4f8b6f8e-92ba-4c2d-ba98-cb0c442176f8
2026-04-09T23:49:39.533-05:00  INFO 12192 --- [jdbc-boot] [http-nio-8080-exec-8] j.common.LoggingAspect                   : [SERVICE START] ProductService.getAllProducts args=[]
2026-04-09T23:49:39.534-05:00 DEBUG 12192 --- [jdbc-boot] [http-nio-8080-exec-8] j.common.LoggingAspect                   : [REPO START] ProductRepository.findAllProducts args=[]
2026-04-09T23:49:39.536-05:00 DEBUG 12192 --- [jdbc-boot] [http-nio-8080-exec-8] j.common.LoggingAspect                   : [REPO END] ProductRepository.findAllProducts duration=2 result=[Product{productId='4f8b6f8e-92ba-4c2d-ba98-cb0c442176f7', productName='Steven Universe DVD', productDesc='The 2nd best dvd in the world', retailPrice=17.99, vendorPrice=10.99}, Product{productId='719...
2026-04-09T23:49:39.537-05:00  INFO 12192 --- [jdbc-boot] [http-nio-8080-exec-8] j.common.LoggingAspect                   : [SERVICE END] ProductService.getAllProducts duration=4 result=[ProductResponseDTO[productId=4f8b6f8e-92ba-4c2d-ba98-cb0c442176f7, productName=Steven Universe DVD, productDesc=The 2nd best dvd in the world, vendorPrice=10.99, retailPrice=17.99], ProductResponseDT...
2026-04-09T23:50:45.639-05:00  INFO 12192 --- [jdbc-boot] [SpringApplicationShutdownHook] o.s.boot.tomcat.GracefulShutdown         : Commencing graceful shutdown. Waiting for active requests to complete
2026-04-09T23:50:45.654-05:00  INFO 12192 --- [jdbc-boot] [tomcat-shutdown] o.s.boot.tomcat.GracefulShutdown         : Graceful shutdown complete
2026-04-09T23:50:45.659-05:00  INFO 12192 --- [jdbc-boot] [SpringApplicationShutdownHook] com.zaxxer.hikari.HikariDataSource       : HikariPool-1 - Shutdown initiated...
2026-04-09T23:50:45.661-05:00  INFO 12192 --- [jdbc-boot] [SpringApplicationShutdownHook] com.zaxxer.hikari.HikariDataSource       : HikariPool-1 - Shutdown completed.
